Microchip MPLAB XC8 Compiler V2.36

Linker command line:

-W-3 --edf=C:\Program Files\Microchip\xc8\v2.36\pic\dat\en_msgs.txt -cn \
  -h+dist/default/production\LCD_Teclado_16F628A.X.production.sym \
  --cmf=dist/default/production\LCD_Teclado_16F628A.X.production.cmf -z \
  -Q16F628A -oC:\Users\ALUNO\AppData\Local\Temp\xcAs8qg.4 \
  --defsym=__MPLAB_BUILD=1 \
  -Mdist/default/production/LCD_Teclado_16F628A.X.production.map \
  --md=C:\Users\ALUNO\AppData\Local\Temp\xcAs8qg.dat -E1 -ver=XC8 Compiler \
  --acfsm=1493 -ACODE=00h-07FFh -ASTRCODE=00h-07FFh -ASTRING=00h-0FFhx8 \
  -ACONST=00h-0FFhx8 -AENTRY=00h-0FFhx8 -ACOMMON=070h-07Fh \
  -ABANK0=020h-06Fh -ABANK1=0A0h-0EFh -ABANK2=0120h-014Fh \
  -ARAM=020h-06Fh,0A0h-0EFh,0120h-014Fh \
  -AABS1=020h-07Fh,0A0h-0EFh,0120h-014Fh -ASFR0=00h-01Fh -ASFR1=080h-09Fh \
  -ASFR2=0100h-011Fh -ASFR3=0180h-01EFh -ACONFIG=02007h-02007h -DCONFIG=2 \
  -AIDLOC=02000h-02003h -DIDLOC=2 -AEEDATA=00h-07Fh/02100h \
  -peeprom_data=EEDATA -DEEDATA=2 -DCODE=2 -DSTRCODE=2 -DSTRING=2 -DCONST=2 \
  -DENTRY=2 -preset_vec=00h,intentry,init,end_init -ppowerup=CODE \
  -pcinit=CODE -pfunctab=ENTRY -k \
  C:\Users\ALUNO\AppData\Local\Temp\xcAs8qg.o \
  dist/default/production\LCD_Teclado_16F628A.X.production.o 

Object code version is 3.11

Machine type is 16F628A



                Name                               Link     Load   Length Selector   Space Scale
C:\Users\ALUNO\AppData\Local\Temp\xcAs8qg.o
                end_init                              0        0        1        0       0
                config                             2007     2007        1        0       4
dist/default/production\LCD_Teclado_16F628A.X.production.o
                cinit                               7FE      7FE        2      FFC       0
                config                             2007     2007        1        0       4
                text8                               6AC      6AC       27      D58       0
                text7                               668      668       22      CD0       0
                text6                               702      702       30      E04       0
                text5                               68A      68A       22      D14       0
                text4                               652      652       16      CA4       0
                text3                               63D      63D       15      C7A       0
                text2                               732      732       CC      E64       0
                text1                               6D3      6D3       2F      DA6       0
                maintext                            62E      62E        F      C5C       0
                cstackBANK0                          20       20        2       20       1
                cstackCOMMON                         70       70        E       70       1
                strings                               1        1       1A        2       0

TOTAL           Name                               Link     Load   Length     Space
        CLASS   CODE           
                end_init                              0        0        1         0
                cinit                               7FE      7FE        2         0
                text8                               6AC      6AC       27         0
                text7                               668      668       22         0
                text6                               702      702       30         0
                text5                               68A      68A       22         0
                text4                               652      652       16         0
                text3                               63D      63D       15         0
                text2                               732      732       CC         0
                text1                               6D3      6D3       2F         0
                maintext                            62E      62E        F         0

        CLASS   STRCODE        

        CLASS   STRING         
                strings                               1        1       1A         0

        CLASS   CONST          

        CLASS   ENTRY          

        CLASS   COMMON         
                cstackCOMMON                         70       70        E         1

        CLASS   BANK0          
                cstackBANK0                          20       20        2         1

        CLASS   BANK1          

        CLASS   BANK2          

        CLASS   RAM            

        CLASS   ABS1           
                abs_s1                               7E       7E        2         1

        CLASS   SFR0           

        CLASS   SFR1           

        CLASS   SFR2           

        CLASS   SFR3           

        CLASS   CONFIG         
                config                             2007     2007        1         4

        CLASS   IDLOC          

        CLASS   EEDATA         

        CLASS   BANK3          

        CLASS   STACK          



SEGMENTS        Name                           Load    Length   Top    Selector   Space  Class     Delta

                reset_vec                      000000  000001  000001         0       0  CODE        2
                strings                        000001  00001A  00001B         2       0  STRING      2
                cstackBANK0                    000020  000002  000022        20       1  BANK0       1
                cstackCOMMON                   000070  00000E  00007E        70       1  COMMON      1
                maintext                       00062E  00000F  00063D       C5C       0  CODE        2
                text3                          00063D  000015  000652       C7A       0  CODE        2
                text4                          000652  000016  000668       CA4       0  CODE        2
                text7                          000668  000022  00068A       CD0       0  CODE        2
                text5                          00068A  000022  0006AC       D14       0  CODE        2
                text8                          0006AC  000027  0006D3       D58       0  CODE        2
                text1                          0006D3  00002F  000702       DA6       0  CODE        2
                text6                          000702  000030  000732       E04       0  CODE        2
                text2                          000732  0000CC  0007FE       E64       0  CODE        2
                cinit                          0007FE  000002  000800       FFC       0  CODE        2


UNUSED ADDRESS RANGES

        Name                Unused          Largest block    Delta
        BANK0            0022-006F             4E           1
        BANK1            00A0-00EF             50           1
        BANK2            0120-014F             30           1
        CODE             001B-062D            613           2
        CONST            001B-062D            100           2
        EEDATA           2100-217F             80           2
        ENTRY            001B-062D            100           2
        IDLOC            2000-2003              4           2
        RAM              0022-006F             4E           1
                         00A0-00EF             50
                         0120-014F             30
        SFR0             0000-001F             20           1
        SFR1             0080-009F             20           1
        SFR2             0100-011F             20           1
        SFR3             0180-01EF             70           1
        STRCODE          001B-062D            613           2
        STRING           001B-062D            100           2

                                  Symbol Table

_PCONbits                (abs)        008E
_PORTA                   (abs)        0005
_PORTB                   (abs)        0006
_RA0                     (abs)        0028
_RB3                     (abs)        0033
_RB4                     (abs)        0034
_RB5                     (abs)        0035
_RB6                     (abs)        0036
_RB7                     (abs)        0037
_TRISA                   (abs)        0085
_TRISB                   (abs)        0086
__Habs1                  abs1         0000
__Hbank0                 bank0        0000
__Hbank1                 bank1        0000
__Hbank2                 bank2        0000
__Hbank3                 bank3        0000
__Hcinit                 cinit        0800
__Hclrtext               clrtext      0000
__Hcode                  code         0000
__Hcommon                common       0000
__Hconfig                config       2008
__HcstackBANK0           cstackBANK0  0000
__HcstackCOMMON          cstackCOMMON 0000
__Heeprom_data           eeprom_data  0000
__Hend_init              end_init     0001
__Hfunctab               functab      0000
__Hinit                  init         0000
__Hintentry              intentry     0000
__Hmaintext              maintext     0000
__Hpowerup               powerup      0000
__Hram                   ram          0000
__Hreset_vec             reset_vec    0000
__Hsfr0                  sfr0         0000
__Hsfr1                  sfr1         0000
__Hsfr2                  sfr2         0000
__Hsfr3                  sfr3         0000
__Hspace_0               (abs)        0800
__Hspace_1               (abs)        007E
__Hspace_2               (abs)        0000
__Hspace_3               (abs)        0000
__Hspace_4               (abs)        400F
__Hstack                 stack        0000
__Hstrings               strings      0000
__Htext                  text         0000
__Labs1                  abs1         0000
__Lbank0                 bank0        0000
__Lbank1                 bank1        0000
__Lbank2                 bank2        0000
__Lbank3                 bank3        0000
__Lcinit                 cinit        07FE
__Lclrtext               clrtext      0000
__Lcode                  code         0000
__Lcommon                common       0000
__Lconfig                config       0000
__LcstackBANK0           cstackBANK0  0000
__LcstackCOMMON          cstackCOMMON 0000
__Leeprom_data           eeprom_data  0000
__Lend_init              end_init     0000
__Lfunctab               functab      0000
__Linit                  init         0000
__Lintentry              intentry     0000
__Lmaintext              maintext     0000
__Lpowerup               powerup      0000
__Lram                   ram          0000
__Lreset_vec             reset_vec    0000
__Lsfr0                  sfr0         0000
__Lsfr1                  sfr1         0000
__Lsfr2                  sfr2         0000
__Lsfr3                  sfr3         0000
__Lspace_0               (abs)        0000
__Lspace_1               (abs)        0000
__Lspace_2               (abs)        0000
__Lspace_3               (abs)        0000
__Lspace_4               (abs)        0000
__Lstack                 stack        0000
__Lstrings               strings      0000
__Ltext                  text         0000
__S0                     (abs)        0800
__S1                     (abs)        007E
__S3                     (abs)        0000
___bmul                  text3        063D
___bmul@multiplicand     cstackCOMMON 0070
___bmul@multiplier       cstackCOMMON 0073
___bmul@product          cstackCOMMON 0072
___int_sp                stack        0000
___latbits               (abs)        0000
___sp                    stack        0000
___stackhi               (abs)        0000
___stacklo               (abs)        0000
__end_of___bmul          text3        0652
__end_of__initialization cinit        07FE
__end_of__stringtab      strings      0007
__end_of_lcd_cmd         text7        068A
__end_of_lcd_dat         text5        06AC
__end_of_lcd_init        text6        0732
__end_of_lcd_str         text4        0668
__end_of_lcd_wr          text8        06D3
__end_of_linha           strings      000B
__end_of_main            maintext     063D
__end_of_questao_a       text1        0702
__end_of_tc_tecla        text2        07FE
__initialization         cinit        07FE
__pcstackBANK0           cstackBANK0  0020
__pcstackCOMMON          cstackCOMMON 0070
__pmaintext              maintext     062E
__pstrings               strings      0001
__ptext1                 text1        06D3
__ptext2                 text2        0732
__ptext3                 text3        063D
__ptext4                 text4        0652
__ptext5                 text5        068A
__ptext6                 text6        0702
__ptext7                 text7        0668
__ptext8                 text8        06AC
__stringbase             strings      0006
__stringtab              strings      0001
_lcd_cmd                 text7        0668
_lcd_dat                 text5        068A
_lcd_init                text6        0702
_lcd_str                 text4        0652
_lcd_wr                  text8        06AC
_linha                   strings      0007
_main                    maintext     062E
_questao_a               text1        06D3
_tc_tecla                text2        0732
btemp                    (abs)        007E
end_of_initialization    cinit        07FE
intlevel0                functab      0000
intlevel1                functab      0000
intlevel2                functab      0000
intlevel3                functab      0000
intlevel4                functab      0000
intlevel5                functab      0000
lcd_cmd@val              cstackCOMMON 0075
lcd_dat@val              cstackCOMMON 0075
lcd_str@i                cstackCOMMON 0078
lcd_str@str              cstackCOMMON 0077
lcd_wr@i                 cstackCOMMON 0072
lcd_wr@val               cstackCOMMON 0071
questao_a@i              cstackBANK0  0020
questao_a@tecla          cstackBANK0  0021
reset_vec                reset_vec    0000
start                    init         0000
start_initialization     cinit        07FE
tc_tecla@i               cstackCOMMON 007C
tc_tecla@ret             cstackCOMMON 007B
tc_tecla@timeout         cstackCOMMON 0074
tc_tecla@tmp             cstackCOMMON 007A
tc_tecla@to              cstackCOMMON 0078
wtemp0                   (abs)        007E


MODULE INFORMATION

Module		Function		Class		Link	Load	Size
teclado.c
		_tc_tecla      		CODE           	0732	0000	204

teclado.c estimated size: 204

C:\Program Files\Microchip\xc8\v2.36\pic\sources\c90\common\Umul8.c
		___bmul        		CODE           	063D	0000	21

C:\Program Files\Microchip\xc8\v2.36\pic\sources\c90\common\Umul8.c estimated size: 21

shared
		__stringtab    		STRING         	0001	0000	6
		__initialization		CODE           	07FE	0000	1
		_linha         		STRING         	0007	0000	4

shared estimated size: 11

lcd.c
		_lcd_cmd       		CODE           	0668	0000	34
		_lcd_dat       		CODE           	068A	0000	34
		_lcd_wr        		CODE           	06AC	0000	39
		_lcd_str       		CODE           	0652	0000	22
		_lcd_init      		CODE           	0702	0000	48

lcd.c estimated size: 177

LCD_Teclado.c
		_main          		CODE           	062E	0000	15
		_questao_a     		CODE           	06D3	0000	47

LCD_Teclado.c estimated size: 62

