Microchip MPLAB XC8 Compiler V2.32

Linker command line:

-W-3 --edf=C:\Program Files\Microchip\xc8\v2.32\pic\dat\en_msgs.txt -cn \
  -h+dist/default/debug\LCD_Teclado_16F628A.X.debug.sym \
  --cmf=dist/default/debug\LCD_Teclado_16F628A.X.debug.cmf -z -Q16F628A \
  -oC:\Users\Marcelo\AppData\Local\Temp\xcAs5jo.4 --defsym=__MPLAB_BUILD=1 \
  -Mdist/default/debug/LCD_Teclado_16F628A.X.debug.map -E1 \
  -ver=XC8 Compiler --acfsm=1493 -ASTACK=0A0h-0EFh -pstack=STACK \
  -ACODE=00h-07FFh -ASTRCODE=00h-07FFh -ASTRING=00h-0FFhx8 \
  -ACONST=00h-0FFhx8 -AENTRY=00h-0FFhx8 -ACOMMON=070h-07Fh \
  -ABANK0=020h-06Fh -ABANK1=0A0h-0EFh -ABANK2=0120h-014Fh \
  -ARAM=020h-06Fh,0A0h-0EFh,0120h-014Fh \
  -AABS1=020h-07Fh,0A0h-0EFh,0120h-014Fh -ASFR0=00h-01Fh -ASFR1=080h-09Fh \
  -ASFR2=0100h-011Fh -ASFR3=0180h-01EFh -ACONFIG=02007h-02007h -DCONFIG=2 \
  -AIDLOC=02000h-02003h -DIDLOC=2 -AEEDATA=00h-07Fh/02100h \
  -peeprom_data=EEDATA -DEEDATA=2 -DCODE=2 -DSTRCODE=2 -DSTRING=2 -DCONST=2 \
  -DENTRY=2 -preset_vec=00h,intentry,init,end_init -ppowerup=CODE \
  -pcinit=CODE -pfunctab=ENTRY -k \
  C:\Users\Marcelo\AppData\Local\Temp\xcAs5jo.o \
  dist/default/debug\LCD_Teclado_16F628A.X.debug.o 

Object code version is 3.11

Machine type is 16F628A



                Name                               Link     Load   Length Selector   Space Scale
C:\Users\Marcelo\AppData\Local\Temp\xcAs5jo.o
                end_init                              0        0        1        0       0
                config                             2007     2007        1        0       4
dist/default/debug\LCD_Teclado_16F628A.X.debug.o
                cinit                               7FE      7FE        2      FFC       0
                config                             2007     2007        1        0       4
                text7                               597      597       27      B2E       0
                text6                               553      553       22      AA6       0
                text5                               5BE      5BE       30      B7C       0
                text4                               575      575       22      AEA       0
                text3                               53D      53D       16      A7A       0
                text2                               528      528       15      A50       0
                text1                               5EE      5EE       CC      BDC       0
                maintext                            6BA      6BA      144      D74       0
                cstackBANK0                          20       20        5       20       1
                cstackCOMMON                         70       70        D       70       1
                strings                               1        1       30        2       0

TOTAL           Name                               Link     Load   Length     Space
        CLASS   STACK          

        CLASS   CODE           
                end_init                              0        0        1         0
                cinit                               7FE      7FE        2         0
                text7                               597      597       27         0
                text6                               553      553       22         0
                text5                               5BE      5BE       30         0
                text4                               575      575       22         0
                text3                               53D      53D       16         0
                text2                               528      528       15         0
                text1                               5EE      5EE       CC         0
                maintext                            6BA      6BA      144         0

        CLASS   STRCODE        

        CLASS   STRING         
                strings                               1        1       30         0

        CLASS   CONST          

        CLASS   ENTRY          

        CLASS   COMMON         
                cstackCOMMON                         70       70        D         1

        CLASS   BANK0          
                cstackBANK0                          20       20        5         1

        CLASS   BANK1          

        CLASS   BANK2          

        CLASS   RAM            

        CLASS   ABS1           
                abs_s1                               7E       7E        2         1

        CLASS   SFR0           

        CLASS   SFR1           

        CLASS   SFR2           

        CLASS   SFR3           

        CLASS   CONFIG         
                config                             2007     2007        1         4

        CLASS   IDLOC          

        CLASS   EEDATA         

        CLASS   BANK3          



SEGMENTS        Name                           Load    Length   Top    Selector   Space  Class     Delta

                reset_vec                      000000  000001  000001         0       0  CODE        2
                strings                        000001  000030  000031         2       0  STRING      2
                cstackBANK0                    000020  000005  000025        20       1  BANK0       1
                cstackCOMMON                   000070  00000D  00007D        70       1  COMMON      1
                text2                          000528  000015  00053D       A50       0  CODE        2
                text3                          00053D  000016  000553       A7A       0  CODE        2
                text6                          000553  000022  000575       AA6       0  CODE        2
                text4                          000575  000022  000597       AEA       0  CODE        2
                text7                          000597  000027  0005BE       B2E       0  CODE        2
                text5                          0005BE  000030  0005EE       B7C       0  CODE        2
                text1                          0005EE  0000CC  0006BA       BDC       0  CODE        2
                maintext                       0006BA  000144  0007FE       D74       0  CODE        2
                cinit                          0007FE  000002  000800       FFC       0  CODE        2


UNUSED ADDRESS RANGES

        Name                Unused          Largest block    Delta
        BANK0            0025-006F             4B           1
        BANK1            00A0-00EF             50           1
        BANK2            0120-014F             30           1
        CODE             0031-0527            4F7           2
        COMMON           007D-007D              1           1
        CONST            0031-0527            100           2
        EEDATA           2100-217F             80           2
        ENTRY            0031-0527            100           2
        IDLOC            2000-2003              4           2
        RAM              0025-006F             4B           1
                         00A0-00EF             50
                         0120-014F             30
        SFR0             0000-001F             20           1
        SFR1             0080-009F             20           1
        SFR2             0100-011F             20           1
        SFR3             0180-01EF             70           1
        STACK            00A0-00EF             50           1
        STRCODE          0031-0527            4F7           2
        STRING           0031-0527            100           2

                                  Symbol Table

_CMCON                   (abs)        001F
_PORTA                   (abs)        0005
_PORTB                   (abs)        0006
_RA0                     (abs)        0028
_RA1                     (abs)        0029
_RA2                     (abs)        002A
_RB3                     (abs)        0033
_RB4                     (abs)        0034
_RB5                     (abs)        0035
_RB6                     (abs)        0036
_RB7                     (abs)        0037
_TRISA                   (abs)        0085
_TRISB                   (abs)        0086
__Habs1                  abs1         0000
__Hbank0                 bank0        0000
__Hbank1                 bank1        0000
__Hbank2                 bank2        0000
__Hbank3                 bank3        0000
__Hcinit                 cinit        0800
__Hclrtext               clrtext      0000
__Hcode                  code         0000
__Hcommon                common       0000
__Hconfig                config       2008
__HcstackBANK0           cstackBANK0  0000
__HcstackCOMMON          cstackCOMMON 0000
__Heeprom_data           eeprom_data  0000
__Hend_init              end_init     0001
__Hfunctab               functab      0000
__Hinit                  init         0000
__Hintentry              intentry     0000
__Hmaintext              maintext     0000
__Hpowerup               powerup      0000
__Hram                   ram          0000
__Hreset_vec             reset_vec    0000
__Hsfr0                  sfr0         0000
__Hsfr1                  sfr1         0000
__Hsfr2                  sfr2         0000
__Hsfr3                  sfr3         0000
__Hspace_0               (abs)        0800
__Hspace_1               (abs)        007D
__Hspace_2               (abs)        0000
__Hspace_3               (abs)        0000
__Hspace_4               (abs)        400F
__Hstack                 stack        0000
__Hstrings               strings      0000
__Htext                  text         0000
__Labs1                  abs1         0000
__Lbank0                 bank0        0000
__Lbank1                 bank1        0000
__Lbank2                 bank2        0000
__Lbank3                 bank3        0000
__Lcinit                 cinit        07FE
__Lclrtext               clrtext      0000
__Lcode                  code         0000
__Lcommon                common       0000
__Lconfig                config       0000
__LcstackBANK0           cstackBANK0  0000
__LcstackCOMMON          cstackCOMMON 0000
__Leeprom_data           eeprom_data  0000
__Lend_init              end_init     0000
__Lfunctab               functab      0000
__Linit                  init         0000
__Lintentry              intentry     0000
__Lmaintext              maintext     0000
__Lpowerup               powerup      0000
__Lram                   ram          0000
__Lreset_vec             reset_vec    0000
__Lsfr0                  sfr0         0000
__Lsfr1                  sfr1         0000
__Lsfr2                  sfr2         0000
__Lsfr3                  sfr3         0000
__Lspace_0               (abs)        0000
__Lspace_1               (abs)        0000
__Lspace_2               (abs)        0000
__Lspace_3               (abs)        0000
__Lspace_4               (abs)        0000
__Lstack                 stack        0000
__Lstrings               strings      0000
__Ltext                  text         0000
__S0                     (abs)        0800
__S1                     (abs)        007D
__S2                     (abs)        0000
__S3                     (abs)        0000
___bmul                  text2        0528
___bmul@multiplicand     cstackCOMMON 0070
___bmul@multiplier       cstackCOMMON 0073
___bmul@product          cstackCOMMON 0072
___int_sp                stack        0000
___latbits               (abs)        0000
___sp                    stack        0000
___stackhi               (abs)        0000
___stacklo               (abs)        0000
__end_of___bmul          text2        053D
__end_of__initialization cinit        07FE
__end_of__stringtab      strings      0007
__end_of_lcd_cmd         text6        0575
__end_of_lcd_dat         text4        0597
__end_of_lcd_init        text5        05EE
__end_of_lcd_str         text3        0553
__end_of_lcd_wr          text7        05BE
__end_of_linha           strings      000B
__end_of_main            maintext     07FE
__end_of_tc_tecla        text1        06BA
__initialization         cinit        07FE
__pcstackBANK0           cstackBANK0  0020
__pcstackCOMMON          cstackCOMMON 0070
__pmaintext              maintext     06BA
__pstrings               strings      0001
__ptext1                 text1        05EE
__ptext2                 text2        0528
__ptext3                 text3        053D
__ptext4                 text4        0575
__ptext5                 text5        05BE
__ptext6                 text6        0553
__ptext7                 text7        0597
__size_of___bmul         (abs)        0000
__size_of_lcd_cmd        (abs)        0000
__size_of_lcd_dat        (abs)        0000
__size_of_lcd_init       (abs)        0000
__size_of_lcd_str        (abs)        0000
__size_of_lcd_wr         (abs)        0000
__size_of_main           (abs)        0000
__size_of_tc_tecla       (abs)        0000
__stringbase             strings      0006
__stringtab              strings      0001
_lcd_cmd                 text6        0553
_lcd_dat                 text4        0575
_lcd_init                text5        05BE
_lcd_str                 text3        053D
_lcd_wr                  text7        0597
_linha                   strings      0007
_main                    maintext     06BA
_tc_tecla                text1        05EE
btemp                    (abs)        007E
end_of_initialization    cinit        07FE
intlevel0                functab      0000
intlevel1                functab      0000
intlevel2                functab      0000
intlevel3                functab      0000
intlevel4                functab      0000
intlevel5                functab      0000
lcd_cmd@val              cstackCOMMON 0075
lcd_dat@val              cstackCOMMON 0075
lcd_str@i                cstackCOMMON 0077
lcd_str@str              cstackCOMMON 0078
lcd_wr@i                 cstackCOMMON 0072
lcd_wr@val               cstackCOMMON 0071
main@i                   cstackBANK0  0024
main@tecla               cstackBANK0  0023
reset_vec                reset_vec    0000
start                    init         0000
start_initialization     cinit        07FE
tc_tecla@i               cstackCOMMON 007C
tc_tecla@ret             cstackCOMMON 007B
tc_tecla@timeout         cstackCOMMON 0074
tc_tecla@tmp             cstackCOMMON 007A
tc_tecla@to              cstackCOMMON 0078
wtemp0                   (abs)        007E


MODULE INFORMATION

Module		Function		Class		Link	Load	Size
C:\Program Files\Microchip\xc8\v2.32\pic\sources\c90\common\Umul8.c
		___bmul        		CODE           	0528	0000	21

C:\Program Files\Microchip\xc8\v2.32\pic\sources\c90\common\Umul8.c estimated size: 21

teclado.c
		_tc_tecla      		CODE           	05EE	0000	204

teclado.c estimated size: 204

shared
		__stringtab    		STRING         	0001	0000	6
		__initialization		CODE           	07FE	0000	1
		_linha         		STRING         	0007	0000	4

shared estimated size: 11

lcd.c
		_lcd_cmd       		CODE           	0553	0000	34
		_lcd_dat       		CODE           	0575	0000	34
		_lcd_wr        		CODE           	0597	0000	39
		_lcd_str       		CODE           	053D	0000	22
		_lcd_init      		CODE           	05BE	0000	48

lcd.c estimated size: 177

LCD_Teclado.c
		_main          		CODE           	06BA	0000	324

LCD_Teclado.c estimated size: 324

